
> nextjs@0.1.0 dev
> next dev -H 0.0.0.0 -p 3000

   ▲ Next.js 15.2.3
   - Local:        http://localhost:3000
   - Network:      http://0.0.0.0:3000

 ✓ Starting...
Attention: Next.js now collects completely anonymous telemetry regarding usage.
This information is used to shape Next.js' roadmap and prioritize features.
You can learn more, including how to opt-out if you'd not like to participate in this anonymous program, by visiting the following URL:
https://nextjs.org/telemetry

 ✓ Ready in 1381ms
 ○ Compiling / ...
 ✓ Compiled / in 5.1s (762 modules)
 ⨯ TypeError: e[o] is not a function
    at Object.t [as require] (.next/server/webpack-runtime.js:1:127)
    at JSON.parse (<anonymous>) {
  digest: '2283885568'
}
TypeError: e[o] is not a function
    at Object.t [as require] (.next/server/webpack-runtime.js:1:127)
    at JSON.parse (<anonymous>)
 ⨯ TypeError: e[o] is not a function
    at Object.t [as require] (.next/server/webpack-runtime.js:1:127)
    at JSON.parse (<anonymous>) {
  page: '/'
}
 ○ Compiling /_error ...
 ✓ Compiled /_error in 3.2s (1073 modules)
 ✓ Compiled in 112ms (563 modules)
 GET / 500 in 8837ms
 ✓ Compiled in 235ms (563 modules)
 ✓ Compiled in 122ms (563 modules)
 ✓ Compiled in 108ms (563 modules)
 ⚠ Blocked cross-origin request from vscode-internal-442-beta.beta01.cloud.kavia.ai. To allow this, configure "allowedDevOrigins" in next.config
Read more: https://nextjs.org/docs/app/api-reference/config/next-config-js/allowedDevOrigins
 ⨯ Error: Cannot find module './447.js'
Require stack:
- /home/kavia/workspace/code-generation/recipehub-61586-72f2870d/recipehub_frontend/.next/server/webpack-runtime.js
- /home/kavia/workspace/code-generation/recipehub-61586-72f2870d/recipehub_frontend/.next/server/pages/_document.js
- /home/kavia/workspace/code-generation/recipehub-61586-72f2870d/recipehub_frontend/node_modules/next/dist/server/require.js
- /home/kavia/workspace/code-generation/recipehub-61586-72f2870d/recipehub_frontend/node_modules/next/dist/server/load-components.js
- /home/kavia/workspace/code-generation/recipehub-61586-72f2870d/recipehub_frontend/node_modules/next/dist/build/utils.js
- /home/kavia/workspace/code-generation/recipehub-61586-72f2870d/recipehub_frontend/node_modules/next/dist/build/swc/options.js
- /home/kavia/workspace/code-generation/recipehub-61586-72f2870d/recipehub_frontend/node_modules/next/dist/build/swc/index.js
- /home/kavia/workspace/code-generation/recipehub-61586-72f2870d/recipehub_frontend/node_modules/next/dist/build/next-config-ts/transpile-config.js
- /home/kavia/workspace/code-generation/recipehub-61586-72f2870d/recipehub_frontend/node_modules/next/dist/server/config.js
- /home/kavia/workspace/code-generation/recipehub-61586-72f2870d/recipehub_frontend/node_modules/next/dist/server/next.js
- /home/kavia/workspace/code-generation/recipehub-61586-72f2870d/recipehub_frontend/node_modules/next/dist/server/lib/start-server.js
    at __webpack_require__.f.require (.next/server/webpack-runtime.js:198:28)
    at <unknown> (.next/server/webpack-runtime.js:111:40)
    at Array.reduce (<anonymous>)
    at __webpack_require__.e (.next/server/webpack-runtime.js:110:67)
    at Array.map (<anonymous>)
    at __webpack_require__.X (.next/server/webpack-runtime.js:162:22)
    at <unknown> (.next/server/app/page.js:1:5438)
    at Object.<anonymous> (.next/server/app/page.js:1:5487) {
  code: 'MODULE_NOT_FOUND',
  requireStack: [Array],
  page: '/'
}
 ✓ Compiled in 397ms (1073 modules)
 ✓ Compiled in 99ms (563 modules)
 GET / 500 in 632ms
 ✓ Compiled in 124ms (563 modules)
 ✓ Compiled in 100ms (563 modules)
 ✓ Compiled in 96ms (563 modules)
 ✓ Compiled in 89ms (563 modules)
 ✓ Compiled in 117ms (563 modules)
 ✓ Compiled in 101ms (563 modules)
 ✓ Compiled in 275ms (1059 modules)
 ✓ Compiled in 121ms (563 modules)
 ✓ Compiled in 102ms (563 modules)
 ✓ Compiled in 103ms (563 modules)
 ✓ Compiled in 96ms (563 modules)
 ✓ Compiled in 94ms (563 modules)
 ✓ Compiled in 105ms (563 modules)
 ✓ Compiled in 89ms (563 modules)
 ✓ Compiled in 82ms (563 modules)
 ✓ Compiled in 101ms (563 modules)
 ✓ Compiled in 100ms (563 modules)
 ✓ Compiled in 104ms (563 modules)
 ✓ Compiled in 114ms (563 modules)
 ✓ Compiled in 113ms (563 modules)
 ✓ Compiled in 104ms (563 modules)
 ✓ Compiled in 81ms (563 modules)
 ✓ Compiled in 87ms (563 modules)
 ✓ Compiled in 77ms (563 modules)
 ✓ Compiled in 82ms (563 modules)
 ✓ Compiled in 80ms (563 modules)
 ✓ Compiled in 88ms (563 modules)
 ✓ Compiled in 76ms (563 modules)
 ✓ Compiled in 89ms (563 modules)
 ✓ Compiled in 85ms (563 modules)
 ✓ Compiled in 81ms (563 modules)
 ✓ Compiled in 85ms (563 modules)
 ✓ Compiled in 79ms (563 modules)
 ✓ Compiled in 75ms (563 modules)
 ✓ Compiled in 87ms (563 modules)
 ✓ Compiled in 88ms (563 modules)
 ✓ Compiled in 78ms (563 modules)
 ✓ Compiled in 90ms (563 modules)
 ✓ Compiled in 80ms (563 modules)
 ✓ Compiled in 87ms (563 modules)
 ✓ Compiled in 88ms (563 modules)
 ✓ Compiled in 82ms (563 modules)
 ✓ Compiled in 435ms (563 modules)
 ✓ Compiled in 293ms (563 modules)
 ✓ Compiled in 79ms (563 modules)
 ✓ Compiled in 76ms (563 modules)
 ✓ Compiled in 74ms (563 modules)
 ✓ Compiled in 77ms (563 modules)
 ✓ Compiled in 111ms (563 modules)
 ✓ Compiled in 76ms (563 modules)
 ✓ Compiled in 74ms (563 modules)
 ✓ Compiled in 77ms (563 modules)
 ✓ Compiled in 74ms (563 modules)
 ✓ Compiled in 75ms (563 modules)
 ✓ Compiled in 76ms (563 modules)
 ✓ Compiled in 77ms (563 modules)
 ✓ Compiled in 75ms (563 modules)
 ✓ Compiled in 72ms (563 modules)
 ✓ Compiled in 73ms (563 modules)
 ✓ Compiled in 72ms (563 modules)
 ✓ Compiled in 76ms (563 modules)
 ✓ Compiled in 79ms (563 modules)
 ✓ Compiled in 79ms (563 modules)
 ✓ Compiled in 75ms (563 modules)
 ✓ Compiled in 78ms (563 modules)
 ✓ Compiled in 74ms (563 modules)
 ✓ Compiled in 77ms (563 modules)
 ✓ Compiled in 76ms (563 modules)
 ✓ Compiled in 81ms (563 modules)
 ✓ Compiled in 76ms (563 modules)
 ✓ Compiled in 79ms (563 modules)
 ✓ Compiled in 80ms (563 modules)
 ✓ Compiled in 82ms (563 modules)
 ✓ Compiled in 104ms (563 modules)
 ✓ Compiled in 100ms (563 modules)
 ✓ Compiled in 79ms (563 modules)
 ✓ Compiled in 83ms (563 modules)
 ✓ Compiled in 76ms (563 modules)
 ✓ Compiled in 77ms (563 modules)
 ✓ Compiled in 77ms (563 modules)
 ✓ Compiled in 85ms (563 modules)
 ✓ Compiled in 79ms (563 modules)
 ✓ Compiled in 77ms (563 modules)
 ✓ Compiled in 87ms (563 modules)
 ✓ Compiled in 85ms (563 modules)
 ✓ Compiled in 79ms (563 modules)
 ✓ Compiled in 90ms (563 modules)
 ✓ Compiled in 100ms (563 modules)
 ✓ Compiled in 79ms (563 modules)
 ✓ Compiled in 103ms (563 modules)
 ✓ Compiled in 84ms (563 modules)
 ✓ Compiled in 77ms (563 modules)
 ✓ Compiled in 82ms (563 modules)
 ✓ Compiled in 91ms (563 modules)
 ✓ Compiled in 81ms (563 modules)
 ✓ Compiled in 80ms (563 modules)
 ✓ Compiled in 93ms (563 modules)
 ✓ Compiled in 93ms (563 modules)
 ✓ Compiled in 83ms (563 modules)
 ✓ Compiled in 91ms (563 modules)
 ✓ Compiled in 77ms (563 modules)
 ✓ Compiled in 82ms (563 modules)
 ✓ Compiled in 94ms (563 modules)
 ✓ Compiled in 84ms (563 modules)
 ✓ Compiled in 95ms (563 modules)
 ✓ Compiled in 80ms (563 modules)
 ✓ Compiled in 83ms (563 modules)
 ✓ Compiled in 87ms (563 modules)
 ✓ Compiled in 79ms (563 modules)
 ✓ Compiled in 80ms (563 modules)
 ✓ Compiled in 85ms (563 modules)
 ✓ Compiled in 85ms (563 modules)
 ✓ Compiled in 79ms (563 modules)
 ✓ Compiled in 76ms (563 modules)
 ✓ Compiled in 95ms (563 modules)
 ✓ Compiled in 84ms (563 modules)
 ✓ Compiled in 80ms (563 modules)
 ✓ Compiled in 74ms (563 modules)
 ✓ Compiled in 76ms (563 modules)
 ✓ Compiled in 76ms (563 modules)
 ✓ Compiled in 80ms (563 modules)
 ✓ Compiled in 83ms (563 modules)
 ✓ Compiled in 74ms (563 modules)
 ✓ Compiled in 78ms (563 modules)
 ✓ Compiled in 78ms (563 modules)
 ✓ Compiled in 76ms (563 modules)
 ✓ Compiled in 80ms (563 modules)
 ✓ Compiled in 78ms (563 modules)
 ✓ Compiled in 76ms (563 modules)
 ✓ Compiled in 76ms (563 modules)
 ✓ Compiled in 90ms (563 modules)
 ✓ Compiled in 103ms (563 modules)
 ✓ Compiled in 84ms (563 modules)
 ✓ Compiled in 90ms (563 modules)
 ✓ Compiled in 79ms (563 modules)
 ✓ Compiled in 83ms (563 modules)
 ✓ Compiled in 80ms (563 modules)
 ✓ Compiled in 81ms (563 modules)
 ✓ Compiled in 83ms (563 modules)
 ✓ Compiled in 77ms (563 modules)
 ✓ Compiled in 85ms (563 modules)
 ✓ Compiled in 78ms (563 modules)
 ✓ Compiled in 86ms (563 modules)
 ✓ Compiled in 111ms (563 modules)
 ✓ Compiled in 85ms (563 modules)
 ✓ Compiled in 86ms (563 modules)
 ✓ Compiled in 88ms (563 modules)
 ✓ Compiled in 78ms (563 modules)
 ✓ Compiled in 89ms (563 modules)
 ✓ Compiled in 82ms (563 modules)
 ✓ Compiled in 93ms (563 modules)
 ✓ Compiled in 74ms (563 modules)
 ✓ Compiled in 87ms (563 modules)
 ✓ Compiled in 84ms (563 modules)
 ✓ Compiled in 77ms (563 modules)
 ✓ Compiled in 88ms (563 modules)
 ✓ Compiled in 103ms (563 modules)
 ✓ Compiled in 93ms (563 modules)
 ✓ Compiled in 85ms (563 modules)
 ✓ Compiled in 80ms (563 modules)
 ✓ Compiled in 80ms (563 modules)
 ✓ Compiled in 76ms (563 modules)
 ✓ Compiled in 81ms (563 modules)
 ✓ Compiled in 79ms (563 modules)
 ✓ Compiled in 89ms (563 modules)
 ✓ Compiled in 80ms (563 modules)
 ✓ Compiled in 81ms (563 modules)
 ✓ Compiled in 93ms (563 modules)
 ✓ Compiled in 82ms (563 modules)
 ✓ Compiled in 80ms (563 modules)
 ✓ Compiled in 83ms (563 modules)
 ✓ Compiled in 80ms (563 modules)
 ✓ Compiled in 97ms (563 modules)
 ✓ Compiled in 204ms (563 modules)
 ✓ Compiled in 89ms (563 modules)
 ✓ Compiled in 79ms (563 modules)
 ✓ Compiled in 75ms (563 modules)
 ✓ Compiled in 80ms (563 modules)
 ✓ Compiled in 77ms (563 modules)
 ✓ Compiled in 81ms (563 modules)
 ✓ Compiled in 74ms (563 modules)
 ✓ Compiled in 76ms (563 modules)
 ✓ Compiled in 93ms (563 modules)
 ✓ Compiled in 80ms (563 modules)
 ✓ Compiled in 83ms (563 modules)
 ✓ Compiled in 109ms (563 modules)
 ✓ Compiled in 88ms (563 modules)
 ✓ Compiled in 74ms (563 modules)
 ✓ Compiled in 76ms (563 modules)
 ✓ Compiled in 100ms (563 modules)
 ✓ Compiled in 74ms (563 modules)
 ✓ Compiled in 78ms (563 modules)
 ✓ Compiled in 97ms (563 modules)
 ✓ Compiled in 80ms (563 modules)
 ✓ Compiled in 73ms (563 modules)
 ✓ Compiled in 73ms (563 modules)
 ✓ Compiled in 90ms (563 modules)
 ✓ Compiled in 73ms (563 modules)
 ✓ Compiled in 84ms (563 modules)
 ✓ Compiled in 78ms (563 modules)
 ✓ Compiled in 84ms (563 modules)
 ✓ Compiled in 88ms (563 modules)
 ✓ Compiled in 89ms (563 modules)
 ✓ Compiled in 82ms (563 modules)
 ✓ Compiled in 87ms (563 modules)
 ✓ Compiled in 91ms (563 modules)
 ✓ Compiled in 102ms (563 modules)
 ✓ Compiled in 100ms (563 modules)
 ✓ Compiled in 82ms (563 modules)
 ✓ Compiled in 82ms (563 modules)
 ✓ Compiled in 80ms (563 modules)
 ✓ Compiled in 84ms (563 modules)
 ✓ Compiled in 76ms (563 modules)
 ✓ Compiled in 87ms (563 modules)
 ✓ Compiled in 86ms (563 modules)
 ✓ Compiled in 85ms (563 modules)
 ✓ Compiled in 77ms (563 modules)
 ✓ Compiled in 76ms (563 modules)
 ✓ Compiled in 77ms (563 modules)
 ✓ Compiled in 93ms (563 modules)
 ✓ Compiled in 85ms (563 modules)
 ✓ Compiled in 82ms (563 modules)
 ✓ Compiled in 102ms (563 modules)
 ✓ Compiled in 76ms (563 modules)
 ✓ Compiled in 76ms (563 modules)
 ✓ Compiled in 78ms (563 modules)
 ✓ Compiled in 99ms (563 modules)
 ✓ Compiled in 84ms (563 modules)
 ✓ Compiled in 76ms (563 modules)
 ✓ Compiled in 100ms (563 modules)
 ✓ Compiled in 75ms (563 modules)
 ✓ Compiled in 80ms (563 modules)
 ✓ Compiled in 79ms (563 modules)
 ✓ Compiled in 82ms (563 modules)
 ✓ Compiled in 79ms (563 modules)
 ✓ Compiled in 81ms (563 modules)
 ✓ Compiled in 95ms (563 modules)
 ✓ Compiled in 82ms (563 modules)
 ✓ Compiled in 96ms (563 modules)
 ✓ Compiled in 83ms (563 modules)
 ✓ Compiled in 78ms (563 modules)
 ✓ Compiled in 77ms (563 modules)
 ✓ Compiled in 85ms (563 modules)
 ✓ Compiled in 88ms (563 modules)
 ✓ Compiled in 78ms (563 modules)
 ✓ Compiled in 88ms (563 modules)
 ✓ Compiled in 86ms (563 modules)
 ✓ Compiled in 89ms (563 modules)
 ✓ Compiled in 102ms (563 modules)
 ✓ Compiled in 94ms (563 modules)
 ✓ Compiled in 81ms (563 modules)
 ✓ Compiled in 94ms (563 modules)
 ✓ Compiled in 77ms (563 modules)
 ✓ Compiled in 97ms (563 modules)
 ✓ Compiled in 92ms (563 modules)
 ✓ Compiled in 100ms (563 modules)
 ✓ Compiled in 126ms (563 modules)
 ✓ Compiled in 135ms (563 modules)
 ✓ Compiled in 198ms (563 modules)
 ✓ Compiled in 137ms (563 modules)
 ✓ Compiled in 122ms (563 modules)
 ✓ Compiled in 93ms (563 modules)
 ✓ Compiled in 116ms (563 modules)
 ✓ Compiled in 127ms (563 modules)
 ✓ Compiled in 218ms (563 modules)
 ✓ Compiled in 170ms (563 modules)
 ✓ Compiled in 128ms (563 modules)
 ✓ Compiled in 140ms (563 modules)
 ✓ Compiled in 106ms (563 modules)
 ✓ Compiled in 98ms (563 modules)
 ✓ Compiled in 105ms (563 modules)
 ✓ Compiled in 128ms (563 modules)
 ✓ Compiled in 89ms (563 modules)
 ✓ Compiled in 86ms (563 modules)
 ✓ Compiled in 86ms (563 modules)
 ✓ Compiled in 79ms (563 modules)
 ✓ Compiled in 104ms (563 modules)
 ✓ Compiled in 89ms (563 modules)
 ✓ Compiled in 80ms (563 modules)
 ✓ Compiled in 91ms (563 modules)
 ✓ Compiled in 76ms (563 modules)
 ✓ Compiled in 96ms (563 modules)
 ✓ Compiled in 76ms (563 modules)
 ✓ Compiled in 81ms (563 modules)
 ✓ Compiled in 79ms (563 modules)
 ✓ Compiled in 77ms (563 modules)
 ✓ Compiled in 88ms (563 modules)
 ✓ Compiled in 80ms (563 modules)
 ✓ Compiled in 82ms (563 modules)
 ✓ Compiled in 80ms (563 modules)
 ✓ Compiled in 78ms (563 modules)
 ✓ Compiled in 84ms (563 modules)
 ✓ Compiled in 93ms (563 modules)
 ✓ Compiled in 82ms (563 modules)
 ✓ Compiled in 75ms (563 modules)
 ✓ Compiled in 78ms (563 modules)
 ✓ Compiled in 78ms (563 modules)
 ✓ Compiled in 74ms (563 modules)
 ✓ Compiled in 82ms (563 modules)
 ✓ Compiled in 83ms (563 modules)
 ✓ Compiled in 75ms (563 modules)
 ✓ Compiled in 78ms (563 modules)
 ✓ Compiled in 76ms (563 modules)
 ✓ Compiled in 152ms (563 modules)
 ✓ Compiled in 99ms (563 modules)
 ✓ Compiled in 75ms (563 modules)
 ✓ Compiled in 73ms (563 modules)
 ✓ Compiled in 73ms (563 modules)
 ✓ Compiled in 84ms (563 modules)
 ✓ Compiled in 74ms (563 modules)
 ✓ Compiled in 74ms (563 modules)
 ✓ Compiled in 74ms (563 modules)
 ✓ Compiled in 76ms (563 modules)
 ✓ Compiled in 73ms (563 modules)
 ✓ Compiled in 73ms (563 modules)
 ✓ Compiled in 84ms (563 modules)
 ✓ Compiled in 73ms (563 modules)
 ✓ Compiled in 71ms (563 modules)
 ✓ Compiled in 81ms (563 modules)
 ✓ Compiled in 73ms (563 modules)
 ✓ Compiled in 80ms (563 modules)
 ✓ Compiled in 74ms (563 modules)
 ✓ Compiled in 75ms (563 modules)
 ✓ Compiled in 77ms (563 modules)
 ✓ Compiled in 75ms (563 modules)
 ✓ Compiled in 80ms (563 modules)
 ✓ Compiled in 74ms (563 modules)
 ✓ Compiled in 83ms (563 modules)
 ✓ Compiled in 74ms (563 modules)
 ✓ Compiled in 76ms (563 modules)
 ✓ Compiled in 74ms (563 modules)
 ✓ Compiled in 74ms (563 modules)
 ✓ Compiled in 81ms (563 modules)
 ✓ Compiled in 72ms (563 modules)
 ✓ Compiled in 79ms (563 modules)
 ✓ Compiled in 72ms (563 modules)
 ✓ Compiled in 75ms (563 modules)
 ✓ Compiled in 73ms (563 modules)
 ✓ Compiled in 71ms (563 modules)
 ✓ Compiled in 83ms (563 modules)
 ✓ Compiled in 72ms (563 modules)
 ✓ Compiled in 74ms (563 modules)
 ✓ Compiled in 79ms (563 modules)
 ✓ Compiled in 78ms (563 modules)
 ✓ Compiled in 77ms (563 modules)
 ✓ Compiled in 77ms (563 modules)
 ✓ Compiled in 74ms (563 modules)
 ✓ Compiled in 71ms (563 modules)
 ✓ Compiled in 71ms (563 modules)
 ✓ Compiled in 75ms (563 modules)
 ✓ Compiled in 78ms (563 modules)
 ✓ Compiled in 73ms (563 modules)
 ✓ Compiled in 80ms (563 modules)
 ✓ Compiled in 74ms (563 modules)
 ✓ Compiled in 79ms (563 modules)
 ✓ Compiled in 70ms (563 modules)
 ✓ Compiled in 83ms (563 modules)
 ✓ Compiled in 79ms (563 modules)
 ✓ Compiled in 78ms (563 modules)
 ✓ Compiled in 76ms (563 modules)
 ✓ Compiled in 79ms (563 modules)
 ✓ Compiled in 74ms (563 modules)
 ✓ Compiled in 73ms (563 modules)
 ✓ Compiled in 77ms (563 modules)
 ✓ Compiled in 83ms (563 modules)
 ✓ Compiled in 76ms (563 modules)
 ✓ Compiled in 86ms (563 modules)
 ✓ Compiled in 77ms (563 modules)
 ✓ Compiled in 76ms (563 modules)
 ✓ Compiled in 76ms (563 modules)
 ✓ Compiled in 75ms (563 modules)
 ✓ Compiled in 79ms (563 modules)
 ✓ Compiled in 76ms (563 modules)
 ✓ Compiled in 86ms (563 modules)
 ✓ Compiled in 74ms (563 modules)
 ✓ Compiled in 80ms (563 modules)
 ✓ Compiled in 88ms (563 modules)
 ✓ Compiled in 82ms (563 modules)
 ✓ Compiled in 80ms (563 modules)
 ✓ Compiled in 76ms (563 modules)
 ✓ Compiled in 84ms (563 modules)
 ✓ Compiled in 76ms (563 modules)
 ✓ Compiled in 78ms (563 modules)
 ✓ Compiled in 92ms (563 modules)
 ✓ Compiled in 75ms (563 modules)
 ✓ Compiled in 76ms (563 modules)
 ✓ Compiled in 82ms (563 modules)
 ✓ Compiled in 90ms (563 modules)
 ✓ Compiled in 96ms (563 modules)
 ✓ Compiled in 84ms (563 modules)
 ✓ Compiled in 85ms (563 modules)
 ✓ Compiled in 87ms (563 modules)
 ✓ Compiled in 90ms (563 modules)
 ✓ Compiled in 80ms (563 modules)
 ✓ Compiled in 77ms (563 modules)
 ✓ Compiled in 80ms (563 modules)
 ✓ Compiled in 82ms (563 modules)
 ✓ Compiled in 261ms (1073 modules)
 ✓ Compiled in 95ms (563 modules)
 ✓ Compiled in 90ms (563 modules)
 ✓ Compiled in 83ms (563 modules)
 ✓ Compiled in 84ms (563 modules)
 ✓ Compiled in 89ms (563 modules)
 ✓ Compiled in 81ms (563 modules)
 ✓ Compiled in 82ms (563 modules)
 ✓ Compiled in 82ms (563 modules)
 ✓ Compiled in 80ms (563 modules)
 ✓ Compiled in 79ms (563 modules)
 ✓ Compiled in 77ms (563 modules)
 ✓ Compiled in 84ms (563 modules)
 ✓ Compiled in 76ms (563 modules)
 ✓ Compiled in 79ms (563 modules)
 ✓ Compiled in 80ms (563 modules)
 ✓ Compiled in 79ms (563 modules)
 ✓ Compiled in 91ms (563 modules)
 ✓ Compiled in 88ms (563 modules)
 ✓ Compiled in 88ms (563 modules)
 ✓ Compiled in 80ms (563 modules)
 ✓ Compiled in 79ms (563 modules)
 ✓ Compiled in 96ms (563 modules)
 ✓ Compiled in 77ms (563 modules)
 ✓ Compiled in 79ms (563 modules)
 ✓ Compiled in 74ms (563 modules)
 ✓ Compiled in 87ms (563 modules)
 ✓ Compiled in 77ms (563 modules)
 ✓ Compiled in 88ms (563 modules)
 ✓ Compiled in 79ms (563 modules)
 ✓ Compiled in 94ms (563 modules)
 ✓ Compiled in 82ms (563 modules)
 ✓ Compiled in 85ms (563 modules)
 ✓ Compiled in 88ms (563 modules)
 ✓ Compiled in 81ms (563 modules)
 ✓ Compiled in 77ms (563 modules)
 ✓ Compiled in 80ms (563 modules)
 ✓ Compiled in 87ms (563 modules)
 ✓ Compiled in 87ms (563 modules)
 ✓ Compiled in 186ms (563 modules)
 ✓ Compiled in 96ms (563 modules)
 ✓ Compiled in 84ms (563 modules)
 ✓ Compiled in 81ms (563 modules)
 ✓ Compiled in 86ms (563 modules)
 ✓ Compiled in 84ms (563 modules)
 ✓ Compiled in 87ms (563 modules)
 ✓ Compiled in 77ms (563 modules)
 ✓ Compiled in 80ms (563 modules)
 ✓ Compiled in 106ms (563 modules)
 ✓ Compiled in 83ms (563 modules)
 ✓ Compiled in 78ms (563 modules)
 ✓ Compiled in 87ms (563 modules)
 ✓ Compiled in 84ms (563 modules)
 ✓ Compiled in 78ms (563 modules)
 ✓ Compiled in 85ms (563 modules)
 ✓ Compiled in 98ms (563 modules)
 ✓ Compiled in 88ms (563 modules)
 ✓ Compiled in 83ms (563 modules)
 ✓ Compiled in 85ms (563 modules)
 ✓ Compiled in 85ms (563 modules)
 ✓ Compiled in 84ms (563 modules)
 ✓ Compiled in 81ms (563 modules)
 ✓ Compiled in 99ms (563 modules)
 ✓ Compiled in 84ms (563 modules)
 ✓ Compiled in 77ms (563 modules)
 ✓ Compiled in 87ms (563 modules)
 ✓ Compiled in 81ms (563 modules)
 ✓ Compiled in 81ms (563 modules)
 ✓ Compiled in 91ms (563 modules)
 ✓ Compiled in 77ms (563 modules)
 ✓ Compiled in 80ms (563 modules)
 ✓ Compiled in 84ms (563 modules)
 ✓ Compiled in 106ms (563 modules)
 ✓ Compiled in 97ms (563 modules)
 ✓ Compiled in 85ms (563 modules)
 ✓ Compiled in 77ms (563 modules)
 ✓ Compiled in 88ms (563 modules)
 ✓ Compiled in 137ms (563 modules)
 ✓ Compiled in 94ms (563 modules)
 ✓ Compiled in 103ms (563 modules)
 ✓ Compiled in 102ms (563 modules)
 ✓ Compiled in 115ms (563 modules)
 ✓ Compiled in 106ms (563 modules)
 ✓ Compiled in 95ms (563 modules)
 ✓ Compiled in 74ms (563 modules)
 ✓ Compiled in 80ms (563 modules)
 ✓ Compiled in 86ms (563 modules)
 ✓ Compiled in 77ms (563 modules)
 ✓ Compiled in 77ms (563 modules)
 ✓ Compiled in 78ms (563 modules)
 ✓ Compiled in 90ms (563 modules)
 ✓ Compiled in 101ms (563 modules)
 ✓ Compiled in 79ms (563 modules)
 ✓ Compiled in 86ms (563 modules)
 ✓ Compiled in 77ms (563 modules)
 ✓ Compiled in 87ms (563 modules)
 ✓ Compiled in 75ms (563 modules)
 ✓ Compiled in 78ms (563 modules)
 ✓ Compiled in 74ms (563 modules)
 ✓ Compiled in 79ms (563 modules)
 ✓ Compiled in 79ms (563 modules)
 ✓ Compiled in 75ms (563 modules)
 ✓ Compiled in 84ms (563 modules)
 ✓ Compiled in 84ms (563 modules)
 ✓ Compiled in 75ms (563 modules)
 ✓ Compiled in 89ms (563 modules)
 ✓ Compiled in 72ms (563 modules)
 ✓ Compiled in 85ms (563 modules)
 ✓ Compiled in 77ms (563 modules)
 ✓ Compiled in 91ms (563 modules)
 ✓ Compiled in 106ms (563 modules)
 ✓ Compiled in 85ms (563 modules)
 ✓ Compiled in 82ms (563 modules)
 ✓ Compiled in 91ms (563 modules)
 ✓ Compiled in 88ms (563 modules)
 ✓ Compiled in 79ms (563 modules)
 ✓ Compiled in 86ms (563 modules)
 ✓ Compiled in 84ms (563 modules)
 ✓ Compiled in 95ms (563 modules)
 ✓ Compiled in 86ms (563 modules)
 ✓ Compiled in 78ms (563 modules)
 ✓ Compiled in 82ms (563 modules)
 ✓ Compiled in 80ms (563 modules)
 ✓ Compiled in 76ms (563 modules)
 ✓ Compiled in 80ms (563 modules)
 ✓ Compiled in 75ms (563 modules)
 ✓ Compiled in 94ms (563 modules)
 ✓ Compiled in 80ms (563 modules)
 ✓ Compiled in 85ms (563 modules)
 ✓ Compiled in 79ms (563 modules)
 ✓ Compiled in 75ms (563 modules)
 ✓ Compiled in 77ms (563 modules)
 ✓ Compiled in 92ms (563 modules)
 ✓ Compiled in 83ms (563 modules)
 ✓ Compiled in 105ms (563 modules)
 ✓ Compiled in 85ms (563 modules)
 ✓ Compiled in 77ms (563 modules)
 ✓ Compiled in 76ms (563 modules)
 ✓ Compiled in 86ms (563 modules)
 ✓ Compiled in 87ms (563 modules)
 ✓ Compiled in 103ms (563 modules)
 ✓ Compiled in 83ms (563 modules)
 ✓ Compiled in 82ms (563 modules)
 ✓ Compiled in 81ms (563 modules)
 ✓ Compiled in 79ms (563 modules)
 ✓ Compiled in 78ms (563 modules)
 ✓ Compiled in 101ms (563 modules)
 ✓ Compiled in 101ms (563 modules)
 ✓ Compiled in 90ms (563 modules)
 ✓ Compiled in 92ms (563 modules)
 ✓ Compiled in 94ms (563 modules)
 ✓ Compiled in 99ms (563 modules)
 ✓ Compiled in 100ms (563 modules)
 ✓ Compiled in 89ms (563 modules)
 ✓ Compiled in 91ms (563 modules)
 ✓ Compiled in 102ms (563 modules)
 ✓ Compiled in 85ms (563 modules)
 ✓ Compiled in 89ms (563 modules)
 ✓ Compiled in 83ms (563 modules)
 ✓ Compiled in 95ms (563 modules)
 ✓ Compiled in 80ms (563 modules)
 ✓ Compiled in 82ms (563 modules)
 ✓ Compiled in 94ms (563 modules)
 ✓ Compiled in 80ms (563 modules)
 ✓ Compiled in 100ms (563 modules)
 ✓ Compiled in 84ms (563 modules)
 ✓ Compiled in 83ms (563 modules)
 ✓ Compiled in 128ms (563 modules)
 ✓ Compiled in 125ms (563 modules)
 ✓ Compiled in 144ms (563 modules)
 ✓ Compiled in 83ms (563 modules)
 ✓ Compiled in 79ms (563 modules)
 ✓ Compiled in 79ms (563 modules)
 ✓ Compiled in 80ms (563 modules)
 ✓ Compiled in 80ms (563 modules)
 ✓ Compiled in 74ms (563 modules)
 ✓ Compiled in 76ms (563 modules)
 ✓ Compiled in 85ms (563 modules)
 ✓ Compiled in 78ms (563 modules)
 ✓ Compiled in 104ms (563 modules)
 ✓ Compiled in 79ms (563 modules)
 ✓ Compiled in 77ms (563 modules)
 ✓ Compiled in 77ms (563 modules)
 ✓ Compiled in 80ms (563 modules)
 ✓ Compiled in 93ms (563 modules)
 ✓ Compiled in 82ms (563 modules)
 ✓ Compiled in 273ms (563 modules)
 ✓ Compiled in 163ms (563 modules)
 ✓ Compiled in 78ms (563 modules)
 ✓ Compiled in 76ms (563 modules)
 ✓ Compiled in 76ms (563 modules)
 ✓ Compiled in 78ms (563 modules)
 ✓ Compiled in 78ms (563 modules)
 ✓ Compiled in 78ms (563 modules)
 ✓ Compiled in 75ms (563 modules)
 ✓ Compiled in 76ms (563 modules)
 ✓ Compiled in 77ms (563 modules)
 ✓ Compiled in 82ms (563 modules)
 ✓ Compiled in 80ms (563 modules)
 ✓ Compiled in 87ms (563 modules)
 ✓ Compiled in 77ms (563 modules)
 ✓ Compiled in 75ms (563 modules)
 ✓ Compiled in 77ms (563 modules)
 ✓ Compiled in 79ms (563 modules)
 ✓ Compiled in 87ms (563 modules)
 ✓ Compiled in 98ms (563 modules)
 ✓ Compiled in 80ms (563 modules)
 ✓ Compiled in 77ms (563 modules)
 ✓ Compiled in 83ms (563 modules)
 ✓ Compiled in 85ms (563 modules)
 ✓ Compiled in 79ms (563 modules)
 ✓ Compiled in 82ms (563 modules)
 ✓ Compiled in 83ms (563 modules)
 ✓ Compiled in 78ms (563 modules)
 ✓ Compiled in 80ms (563 modules)
 ✓ Compiled in 80ms (563 modules)
 ✓ Compiled in 85ms (563 modules)
 ✓ Compiled in 93ms (563 modules)
 ✓ Compiled in 80ms (563 modules)
 ✓ Compiled in 80ms (563 modules)
 ✓ Compiled in 80ms (563 modules)
 ✓ Compiled in 86ms (563 modules)
 ✓ Compiled in 78ms (563 modules)
 ✓ Compiled in 79ms (563 modules)
 ✓ Compiled in 78ms (563 modules)
 ✓ Compiled in 79ms (563 modules)
 ✓ Compiled in 78ms (563 modules)
 ✓ Compiled in 79ms (563 modules)
 ✓ Compiled in 92ms (563 modules)
 ✓ Compiled in 80ms (563 modules)
 ✓ Compiled in 85ms (563 modules)
 ✓ Compiled in 89ms (563 modules)
 ✓ Compiled in 80ms (563 modules)
 ✓ Compiled in 84ms (563 modules)
 ✓ Compiled in 82ms (563 modules)
 ✓ Compiled in 76ms (563 modules)
 ✓ Compiled in 80ms (563 modules)
 ✓ Compiled in 80ms (563 modules)
 ✓ Compiled in 84ms (563 modules)
 ✓ Compiled in 75ms (563 modules)
 ✓ Compiled in 88ms (563 modules)
 ✓ Compiled in 81ms (563 modules)
 ✓ Compiled in 77ms (563 modules)
 ✓ Compiled in 89ms (563 modules)
 ✓ Compiled in 78ms (563 modules)
 ✓ Compiled in 104ms (563 modules)
 ✓ Compiled in 86ms (563 modules)
 ✓ Compiled in 80ms (563 modules)
 ✓ Compiled in 81ms (563 modules)
 ✓ Compiled in 87ms (563 modules)
 ✓ Compiled in 99ms (563 modules)
 ✓ Compiled in 82ms (563 modules)
 ✓ Compiled in 108ms (563 modules)
 ✓ Compiled in 89ms (563 modules)
 ✓ Compiled in 81ms (563 modules)
 ✓ Compiled in 79ms (563 modules)
 ✓ Compiled in 84ms (563 modules)
 ✓ Compiled in 95ms (563 modules)
 ✓ Compiled in 78ms (563 modules)
 ✓ Compiled in 80ms (563 modules)
 ✓ Compiled in 94ms (563 modules)
 ✓ Compiled in 78ms (563 modules)
 ✓ Compiled in 84ms (563 modules)
 ✓ Compiled in 77ms (563 modules)
 ✓ Compiled in 80ms (563 modules)
 ✓ Compiled in 92ms (563 modules)
 ✓ Compiled in 85ms (563 modules)
 ✓ Compiled in 104ms (563 modules)
 ✓ Compiled in 105ms (563 modules)
 ✓ Compiled in 90ms (563 modules)
 ✓ Compiled in 109ms (563 modules)
 ✓ Compiled in 90ms (563 modules)
 ✓ Compiled in 86ms (563 modules)
 ✓ Compiled in 84ms (563 modules)
 ✓ Compiled in 92ms (563 modules)
 ✓ Compiled in 89ms (563 modules)
 ✓ Compiled in 89ms (563 modules)
 ✓ Compiled in 89ms (563 modules)
 ✓ Compiled in 77ms (563 modules)
 ✓ Compiled in 94ms (563 modules)
 ✓ Compiled in 79ms (563 modules)
 ✓ Compiled in 85ms (563 modules)
 ✓ Compiled in 101ms (563 modules)
 ✓ Compiled in 94ms (563 modules)
 ✓ Compiled in 93ms (563 modules)
 ✓ Compiled in 91ms (563 modules)
 ✓ Compiled in 95ms (563 modules)
 ✓ Compiled in 80ms (563 modules)
 ✓ Compiled in 81ms (563 modules)
 ✓ Compiled in 90ms (563 modules)
 ✓ Compiled in 109ms (563 modules)
 ✓ Compiled in 82ms (563 modules)
 ✓ Compiled in 109ms (563 modules)
 ✓ Compiled in 102ms (563 modules)
 ✓ Compiled in 97ms (563 modules)
 ✓ Compiled in 102ms (563 modules)
 ✓ Compiled in 94ms (563 modules)
 ✓ Compiled in 111ms (563 modules)
 ✓ Compiled in 84ms (563 modules)
 ✓ Compiled in 87ms (563 modules)
 ✓ Compiled in 90ms (563 modules)
 ✓ Compiled in 104ms (563 modules)
 ✓ Compiled in 98ms (563 modules)
 ✓ Compiled in 80ms (563 modules)
 ✓ Compiled in 84ms (563 modules)
 ✓ Compiled in 80ms (563 modules)
 ✓ Compiled in 88ms (563 modules)
 ✓ Compiled in 93ms (563 modules)
 ✓ Compiled in 87ms (563 modules)
 ✓ Compiled in 120ms (563 modules)
 ✓ Compiled in 95ms (563 modules)
 ✓ Compiled in 98ms (563 modules)
 ✓ Compiled in 107ms (563 modules)
 ✓ Compiled in 85ms (563 modules)
 ✓ Compiled in 126ms (563 modules)
 ✓ Compiled in 126ms (563 modules)
 ✓ Compiled in 110ms (563 modules)
 ✓ Compiled in 99ms (563 modules)
 ✓ Compiled in 91ms (563 modules)
 ✓ Compiled in 102ms (563 modules)
 ✓ Compiled in 94ms (563 modules)
 ✓ Compiled in 108ms (563 modules)
 ✓ Compiled in 109ms (563 modules)
 ✓ Compiled in 114ms (563 modules)
 ✓ Compiled in 139ms (563 modules)
 ✓ Compiled in 116ms (563 modules)
 ✓ Compiled in 89ms (563 modules)
 ✓ Compiled in 98ms (563 modules)
 ✓ Compiled in 100ms (563 modules)
 ✓ Compiled in 101ms (563 modules)
 ✓ Compiled in 83ms (563 modules)
 ✓ Compiled in 90ms (563 modules)
 ✓ Compiled in 83ms (563 modules)
 ✓ Compiled in 98ms (563 modules)
 ✓ Compiled in 85ms (563 modules)
 ✓ Compiled in 94ms (563 modules)
 ✓ Compiled in 91ms (563 modules)
 ✓ Compiled in 89ms (563 modules)
 ✓ Compiled in 82ms (563 modules)
 ✓ Compiled in 83ms (563 modules)
 ✓ Compiled in 82ms (563 modules)
 ✓ Compiled in 82ms (563 modules)
 ✓ Compiled in 86ms (563 modules)
 ✓ Compiled in 103ms (563 modules)
 ✓ Compiled in 86ms (563 modules)
 ✓ Compiled in 78ms (563 modules)
 ✓ Compiled in 87ms (563 modules)
 ✓ Compiled in 94ms (563 modules)
 ✓ Compiled in 89ms (563 modules)
 ✓ Compiled in 83ms (563 modules)
 ✓ Compiled in 91ms (563 modules)
 ✓ Compiled in 90ms (563 modules)
 ✓ Compiled in 85ms (563 modules)
 ✓ Compiled in 98ms (563 modules)
 ✓ Compiled in 80ms (563 modules)
 ✓ Compiled in 85ms (563 modules)
 ✓ Compiled in 78ms (563 modules)
 ✓ Compiled in 95ms (563 modules)
 ✓ Compiled in 93ms (563 modules)
 ✓ Compiled in 84ms (563 modules)
 ✓ Compiled in 100ms (563 modules)
 ✓ Compiled in 86ms (563 modules)
 ✓ Compiled in 92ms (563 modules)
 ✓ Compiled in 105ms (563 modules)
 ✓ Compiled in 93ms (563 modules)
 ✓ Compiled in 93ms (563 modules)
 ✓ Compiled in 93ms (563 modules)
 ✓ Compiled in 97ms (563 modules)
 ✓ Compiled in 105ms (563 modules)
 ✓ Compiled in 88ms (563 modules)
 ✓ Compiled in 87ms (563 modules)
 ✓ Compiled in 81ms (563 modules)
 ✓ Compiled in 90ms (563 modules)
 ✓ Compiled in 95ms (563 modules)
 ✓ Compiled in 95ms (563 modules)
 ✓ Compiled in 137ms (563 modules)
 ✓ Compiled in 139ms (563 modules)
 ✓ Compiled in 182ms (563 modules)
 ✓ Compiled in 127ms (563 modules)
 ✓ Compiled in 100ms (563 modules)
 ✓ Compiled in 94ms (563 modules)
 ✓ Compiled in 96ms (563 modules)
 ✓ Compiled in 97ms (563 modules)
 ✓ Compiled in 102ms (563 modules)
 ✓ Compiled in 108ms (563 modules)
 ✓ Compiled in 83ms (563 modules)
 ✓ Compiled in 90ms (563 modules)
 ✓ Compiled in 97ms (563 modules)
 ✓ Compiled in 115ms (563 modules)
 ✓ Compiled in 95ms (563 modules)
 ✓ Compiled in 96ms (563 modules)
 ✓ Compiled in 94ms (563 modules)
 ✓ Compiled in 90ms (563 modules)
 ✓ Compiled in 97ms (563 modules)
 ✓ Compiled in 280ms (563 modules)
 ✓ Compiled in 97ms (563 modules)
 ✓ Compiled in 102ms (563 modules)
 ✓ Compiled in 83ms (563 modules)
 ✓ Compiled in 81ms (563 modules)
 ✓ Compiled in 88ms (563 modules)
 ✓ Compiled in 88ms (563 modules)
 ✓ Compiled in 79ms (563 modules)
 ✓ Compiled in 83ms (563 modules)
 ✓ Compiled in 84ms (563 modules)
 ✓ Compiled in 77ms (563 modules)
 ✓ Compiled in 79ms (563 modules)
 ✓ Compiled in 84ms (563 modules)
 ✓ Compiled in 90ms (563 modules)
 ✓ Compiled in 82ms (563 modules)
 ✓ Compiled in 75ms (563 modules)
 ✓ Compiled in 83ms (563 modules)
 ✓ Compiled in 82ms (563 modules)
 ✓ Compiled in 78ms (563 modules)
 ✓ Compiled in 75ms (563 modules)
 ✓ Compiled in 85ms (563 modules)
 ✓ Compiled in 79ms (563 modules)
 ✓ Compiled in 79ms (563 modules)
 ✓ Compiled in 76ms (563 modules)
 ✓ Compiled in 84ms (563 modules)
 ✓ Compiled in 76ms (563 modules)
 ✓ Compiled in 76ms (563 modules)
 ✓ Compiled in 89ms (563 modules)
 ✓ Compiled in 82ms (563 modules)
 ✓ Compiled in 82ms (563 modules)
 ✓ Compiled in 79ms (563 modules)
 ✓ Compiled in 77ms (563 modules)
 ✓ Compiled in 94ms (563 modules)
 ✓ Compiled in 86ms (563 modules)
 ✓ Compiled in 82ms (563 modules)
 ✓ Compiled in 74ms (563 modules)
 ✓ Compiled in 89ms (563 modules)
 ✓ Compiled in 80ms (563 modules)
 ✓ Compiled in 80ms (563 modules)
 ✓ Compiled in 84ms (563 modules)
 ✓ Compiled in 83ms (563 modules)
 ✓ Compiled in 85ms (563 modules)
 ✓ Compiled in 94ms (563 modules)
 ✓ Compiled in 86ms (563 modules)
 ✓ Compiled in 77ms (563 modules)
 ✓ Compiled in 80ms (563 modules)
 ✓ Compiled in 80ms (563 modules)
 ✓ Compiled in 79ms (563 modules)
 ✓ Compiled in 85ms (563 modules)
 ✓ Compiled in 100ms (563 modules)
 ✓ Compiled in 83ms (563 modules)
 ✓ Compiled in 114ms (563 modules)
 ✓ Compiled in 107ms (563 modules)
 ✓ Compiled in 95ms (563 modules)
 ✓ Compiled in 83ms (563 modules)
 ✓ Compiled in 77ms (563 modules)
 ✓ Compiled in 79ms (563 modules)
 ✓ Compiled in 84ms (563 modules)
 ✓ Compiled in 97ms (563 modules)
 ✓ Compiled in 91ms (563 modules)
 ✓ Compiled in 87ms (563 modules)
 ✓ Compiled in 104ms (563 modules)
 ✓ Compiled in 98ms (563 modules)
 ✓ Compiled in 95ms (563 modules)
 ✓ Compiled in 93ms (563 modules)
 ✓ Compiled in 80ms (563 modules)
 ✓ Compiled in 79ms (563 modules)
 ✓ Compiled in 94ms (563 modules)
 ✓ Compiled in 88ms (563 modules)
 ✓ Compiled in 94ms (563 modules)
 ✓ Compiled in 94ms (563 modules)
 ✓ Compiled in 85ms (563 modules)
 ✓ Compiled in 114ms (563 modules)
 ✓ Compiled in 95ms (563 modules)
 ✓ Compiled in 98ms (563 modules)
 ✓ Compiled in 91ms (563 modules)
 ✓ Compiled in 100ms (563 modules)
 ✓ Compiled in 91ms (563 modules)
 ✓ Compiled in 91ms (563 modules)
 ✓ Compiled in 86ms (563 modules)
 ✓ Compiled in 90ms (563 modules)
 ✓ Compiled in 85ms (563 modules)
 ✓ Compiled in 90ms (563 modules)
 ✓ Compiled in 102ms (563 modules)
 ✓ Compiled in 87ms (563 modules)
 ✓ Compiled in 89ms (563 modules)
 ✓ Compiled in 98ms (563 modules)
 ✓ Compiled in 85ms (563 modules)
 ✓ Compiled in 87ms (563 modules)
 ✓ Compiled in 76ms (563 modules)
 ✓ Compiled in 81ms (563 modules)
 ✓ Compiled in 78ms (563 modules)
 ✓ Compiled in 87ms (563 modules)
 ✓ Compiled in 81ms (563 modules)
 ✓ Compiled in 78ms (563 modules)
 ✓ Compiled in 83ms (563 modules)
 ✓ Compiled in 76ms (563 modules)
 ✓ Compiled in 84ms (563 modules)
 ✓ Compiled in 78ms (563 modules)
 ✓ Compiled in 105ms (563 modules)
 ✓ Compiled in 105ms (563 modules)
 ✓ Compiled in 87ms (563 modules)
 ✓ Compiled in 78ms (563 modules)
 ✓ Compiled in 79ms (563 modules)
 ✓ Compiled in 86ms (563 modules)
 ✓ Compiled in 105ms (563 modules)
 ✓ Compiled in 93ms (563 modules)
 ✓ Compiled in 87ms (563 modules)
 ✓ Compiled in 107ms (563 modules)
 ✓ Compiled in 235ms (617 modules)
 ✓ Compiled in 136ms (563 modules)
 ✓ Compiled in 103ms (563 modules)
